time=2026-09-11T12:13:01.053315000Z message="File descriptor limit is sufficient: 1048576" process=13198 thread=62526881 level=info module=server source="/Users/bjarvis/sandboxen/chimera/worktrees/trans2/src/server/server.c:2805"
time=2026-09-11T12:13:01.053327000Z message="Initializing VFS..." process=13198 thread=62526881 level=info module=server source="/Users/bjarvis/sandboxen/chimera/worktrees/trans2/src/server/server.c:2818"
time=2026-09-11T12:13:01.053441000Z message="Machine name: benmba.local chimera 0.1.0 00000000" process=13198 thread=62526881 level=info module=vfs source="/Users/bjarvis/sandboxen/chimera/worktrees/trans2/src/vfs/vfs.c:444"
time=2026-09-11T12:13:01.060925000Z message="Initializing VFS module root..." process=13198 thread=62526881 level=info module=vfs source="/Users/bjarvis/sandboxen/chimera/worktrees/trans2/src/vfs/vfs.c:623"
time=2026-09-11T12:13:01.060954000Z message="Initializing VFS module nfs..." process=13198 thread=62526881 level=info module=vfs source="/Users/bjarvis/sandboxen/chimera/worktrees/trans2/src/vfs/vfs.c:623"
time=2026-09-11T12:13:01.061014000Z message="Initializing VFS module memfs..." process=13198 thread=62526881 level=info module=vfs source="/Users/bjarvis/sandboxen/chimera/worktrees/trans2/src/vfs/vfs.c:623"
time=2026-09-11T12:13:01.061033000Z message="Using 'memkv' as KV backend" process=13198 thread=62526881 level=info module=vfs source="/Users/bjarvis/sandboxen/chimera/worktrees/trans2/src/vfs/vfs.c:699"
time=2026-09-11T12:13:01.063566000Z message="Initializing protocols..." process=13198 thread=62526881 level=info module=server source="/Users/bjarvis/sandboxen/chimera/worktrees/trans2/src/server/server.c:2868"
time=2026-09-11T12:13:01.063577000Z message="NFS RDMA: disabled" process=13198 thread=62526881 level=debug module=nfs source="/Users/bjarvis/sandboxen/chimera/worktrees/trans2/src/server/nfs/nfs.c:195"
time=2026-09-11T12:13:01.063580000Z message="NFS TCP-RDMA: disabled (port 0)" process=13198 thread=62526881 level=debug module=nfs source="/Users/bjarvis/sandboxen/chimera/worktrees/trans2/src/server/nfs/nfs.c:196"
time=2026-09-11T12:13:01.063582000Z message="NFS Lock Manager port: 32803" process=13198 thread=62526881 level=debug module=nfs source="/Users/bjarvis/sandboxen/chimera/worktrees/trans2/src/server/nfs/nfs.c:197"
time=2026-09-11T12:13:01.063584000Z message="NSM/statd port: 32765" process=13198 thread=62526881 level=debug module=nfs source="/Users/bjarvis/sandboxen/chimera/worktrees/trans2/src/server/nfs/nfs.c:198"
time=2026-09-11T12:13:01.063585000Z message="External Portmap: disabled" process=13198 thread=62526881 level=debug module=nfs source="/Users/bjarvis/sandboxen/chimera/worktrees/trans2/src/server/nfs/nfs.c:199"
time=2026-09-11T12:13:01.063855000Z message="Generated and persisted NFS file-handle signing key at /tmp/nfs3_mbt_JYiHFF/nfs_fh.key" process=13198 thread=62526881 level=info module=nfs source="/Users/bjarvis/sandboxen/chimera/worktrees/trans2/src/server/nfs/nfs.c:152"
time=2026-09-11T12:13:01.063882000Z message="NFSv4 server node_id=59318 (derived from machine name)" process=13198 thread=62526881 level=info module=nfs source="/Users/bjarvis/sandboxen/chimera/worktrees/trans2/src/server/nfs/nfs.c:259"
time=2026-09-11T12:13:01.064061000Z message="NFSv3 DRC: KV backend 'memkv' is non-persistent; the duplicate-request cache will not survive a server restart" process=13198 thread=62526881 level=info module=nfs source="/Users/bjarvis/sandboxen/chimera/worktrees/trans2/src/server/nfs/nfs3_drc.c:873"
time=2026-09-11T12:13:01.064068000Z message="NFSv4 recovery: KV backend 'memkv' is non-persistent; client reclaim will not survive a server restart" process=13198 thread=62526881 level=info module=nfs source="/Users/bjarvis/sandboxen/chimera/worktrees/trans2/src/server/nfs/nfs4_recovery.c:166"
time=2026-09-11T12:13:01.064075000Z message="NLM state init: state_dir=/tmp/nfs3_mbt_JYiHFF" process=13198 thread=62526881 level=debug module=nfs source="/Users/bjarvis/sandboxen/chimera/worktrees/trans2/src/server/nfs/nfs_nlm_state.c:109"
time=2026-09-11T12:13:01.064083000Z message="NSM state init: my_name='benmba.local' persistence=disabled" process=13198 thread=62526881 level=debug module=nfs source="/Users/bjarvis/sandboxen/chimera/worktrees/trans2/src/server/nfs/nfs_nsm_state.c:34"
time=2026-09-11T12:13:01.064091000Z message="Initializing internal portmap support" process=13198 thread=62526881 level=debug module=nfs source="/Users/bjarvis/sandboxen/chimera/worktrees/trans2/src/server/nfs/nfs.c:495"
time=2026-09-11T12:13:01.064163000Z message="Initializing NFS mountd server" process=13198 thread=62526881 level=debug module=nfs source="/Users/bjarvis/sandboxen/chimera/worktrees/trans2/src/server/nfs/nfs.c:505"
time=2026-09-11T12:13:01.064228000Z message="Initializing NFS server" process=13198 thread=62526881 level=debug module=nfs source="/Users/bjarvis/sandboxen/chimera/worktrees/trans2/src/server/nfs/nfs.c:510"
time=2026-09-11T12:13:01.064319000Z message="Initializing NFS lock manager server on port 32803" process=13198 thread=62526881 level=debug module=nfs source="/Users/bjarvis/sandboxen/chimera/worktrees/trans2/src/server/nfs/nfs.c:518"
time=2026-09-11T12:13:01.064382000Z message="Initializing NSM/statd server on port 32765" process=13198 thread=62526881 level=debug module=nfs source="/Users/bjarvis/sandboxen/chimera/worktrees/trans2/src/server/nfs/nfs.c:523"
time=2026-09-11T12:13:01.064508000Z message="SMB server disabled (not enabled in config)" process=13198 thread=62526881 level=info module=smb source="/Users/bjarvis/sandboxen/chimera/worktrees/trans2/src/server/smb/smb.c:137"
time=2026-09-11T12:13:01.064517000Z message="S3 server disabled (not enabled in config)" process=13198 thread=62526881 level=info module=s3 source="/Users/bjarvis/sandboxen/chimera/worktrees/trans2/src/server/s3/s3.c:1378"
time=2026-09-11T12:13:01.064519000Z message="Initializing REST API..." process=13198 thread=62526881 level=info module=server source="/Users/bjarvis/sandboxen/chimera/worktrees/trans2/src/server/server.c:2903"
time=2026-09-11T12:13:01.064525000Z message="REST API disabled (no ports configured)" process=13198 thread=62526881 level=info module=rest source="/Users/bjarvis/sandboxen/chimera/worktrees/trans2/src/server/rest/rest.c:809"
time=2026-09-11T12:13:01.066097000Z message="Waiting for 8 threads to start..." process=13198 thread=62526881 level=info module=server source="/Users/bjarvis/sandboxen/chimera/worktrees/trans2/src/server/server.c:2920"
time=2026-09-11T12:13:01.066502000Z message="Server is ready." process=13198 thread=62526881 level=info module=server source="/Users/bjarvis/sandboxen/chimera/worktrees/trans2/src/server/server.c:2937"
